
> dogplanner@1.0.0 build
> next build

   ▲ Next.js 15.5.6
   - Environments: .env.local, .env.production, .env
   - Experiments (use with caution):
     · cpus: 1
     · clientTraceMetadata

   Creating an optimized production build ...
[@sentry/nextjs] DEPRECATION WARNING: It is recommended renaming your `sentry.client.config.ts` file, or moving its content to `instrumentation-client.ts`. When using Turbopack `sentry.client.config.ts` will no longer work. Read more about the `instrumentation-client.ts` file: https://nextjs.org/docs/app/api-reference/file-conventions/instrumentation-client
